EN clk_divider2 NULL C:/Users/otal19/Desktop/Project-20220605T160425Z-001/Project/WoodalNumbers/CLK_Divider2.vhd sub00/vhpl12 1654458903
EN sdecoder NULL C:/Users/otal19/Desktop/Project-20220605T160425Z-001/Project/WoodalNumbers/SDecoder.vhd sub00/vhpl06 1654458911
AR clockdivider behavioral C:/Users/otal19/Desktop/Project-20220605T160425Z-001/Project/WoodalNumbers/ClockDivider.vhd sub00/vhpl01 1654458902
EN sdriver NULL C:/Users/otal19/Desktop/Project-20220605T160425Z-001/Project/WoodalNumbers/SDriver.vhd sub00/vhpl04 1654458909
AR sdriver behavioral C:/Users/otal19/Desktop/Project-20220605T160425Z-001/Project/WoodalNumbers/SDriver.vhd sub00/vhpl05 1654458910
AR main behavioral C:/Users/otal19/Desktop/Project-20220605T160425Z-001/Project/WoodalNumbers/Main.vhd sub00/vhpl11 1654458914
EN sequencemultiplexer NULL C:/Users/otal19/Desktop/Project-20220605T160425Z-001/Project/WoodalNumbers/SequenceMultiplexer.vhd sub00/vhpl16 1654458905
AR tetrabonacci behavioral C:/Users/otal19/Desktop/Project-20220605T160425Z-001/Project/WoodalNumbers/Tetrabonacci.vhd sub00/vhpl19 1654458898
EN stellaoctanga NULL C:/Users/otal19/Desktop/Project-20220605T160425Z-001/Project/WoodalNumbers/StellaOctanga.vhd sub00/vhpl20 1654458899
AR sdecoder behavioral C:/Users/otal19/Desktop/Project-20220605T160425Z-001/Project/WoodalNumbers/SDecoder.vhd sub00/vhpl07 1654458912
AR sequencemultiplexer behavioral C:/Users/otal19/Desktop/Project-20220605T160425Z-001/Project/WoodalNumbers/SequenceMultiplexer.vhd sub00/vhpl17 1654458906
EN bcdconverter NULL C:/Users/otal19/Desktop/Project-20220605T160425Z-001/Project/WoodalNumbers/BCDConverter.vhd sub00/vhpl02 1654458907
EN tetrabonacci NULL C:/Users/otal19/Desktop/Project-20220605T160425Z-001/Project/WoodalNumbers/Tetrabonacci.vhd sub00/vhpl18 1654458897
AR clk_divider2 behavioral C:/Users/otal19/Desktop/Project-20220605T160425Z-001/Project/WoodalNumbers/CLK_Divider2.vhd sub00/vhpl13 1654458904
EN main NULL C:/Users/otal19/Desktop/Project-20220605T160425Z-001/Project/WoodalNumbers/Main.vhd sub00/vhpl10 1654458913
EN woodall NULL C:/Users/otal19/Desktop/Project-20220605T160425Z-001/Project/WoodalNumbers/Woodal.vhd sub00/vhpl08 1654458893
AR stellaoctanga behavioral C:/Users/otal19/Desktop/Project-20220605T160425Z-001/Project/WoodalNumbers/StellaOctanga.vhd sub00/vhpl21 1654458900
EN jacobtshal NULL C:/Users/otal19/Desktop/Project-20220605T160425Z-001/Project/WoodalNumbers/Jacobtshal.vhd sub00/vhpl14 1654458895
EN clockdivider NULL C:/Users/otal19/Desktop/Project-20220605T160425Z-001/Project/WoodalNumbers/ClockDivider.vhd sub00/vhpl00 1654458901
AR jacobtshal behavioral C:/Users/otal19/Desktop/Project-20220605T160425Z-001/Project/WoodalNumbers/Jacobtshal.vhd sub00/vhpl15 1654458896
AR woodall behavioral C:/Users/otal19/Desktop/Project-20220605T160425Z-001/Project/WoodalNumbers/Woodal.vhd sub00/vhpl09 1654458894
AR bcdconverter behavioral C:/Users/otal19/Desktop/Project-20220605T160425Z-001/Project/WoodalNumbers/BCDConverter.vhd sub00/vhpl03 1654458908
