V3 50
FL C:/Users/otal19/Desktop/Project-20220605T160425Z-001/Project/WoodalNumbers/BCDConverter.vhd 2022/05/27.21:51:28 P.20131013
EN work/BCDConverter 1654458907 \
      FL C:/Users/otal19/Desktop/Project-20220605T160425Z-001/Project/WoodalNumbers/BCDConverter.vhd \
      PB ieee/std_logic_1164 1381692176 PB ieee/std_logic_arith 1381692177 \
      PB ieee/STD_LOGIC_UNSIGNED 1381692179 PB ieee/NUMERIC_STD 1381692181
AR work/BCDConverter/Behavioral 1654458908 \
      FL C:/Users/otal19/Desktop/Project-20220605T160425Z-001/Project/WoodalNumbers/BCDConverter.vhd \
      EN work/BCDConverter 1654458907
FL C:/Users/otal19/Desktop/Project-20220605T160425Z-001/Project/WoodalNumbers/CLK_Divider2.vhd 2022/05/28.10:11:56 P.20131013
EN work/CLK_Divider2 1654458903 \
      FL C:/Users/otal19/Desktop/Project-20220605T160425Z-001/Project/WoodalNumbers/CLK_Divider2.vhd \
      PB ieee/std_logic_1164 1381692176 PB ieee/std_logic_arith 1381692177 \
      PB ieee/STD_LOGIC_UNSIGNED 1381692179
AR work/CLK_Divider2/Behavioral 1654458904 \
      FL C:/Users/otal19/Desktop/Project-20220605T160425Z-001/Project/WoodalNumbers/CLK_Divider2.vhd \
      EN work/CLK_Divider2 1654458903
FL C:/Users/otal19/Desktop/Project-20220605T160425Z-001/Project/WoodalNumbers/ClockDivider.vhd 2022/05/27.21:57:16 P.20131013
EN work/ClockDivider 1654458901 \
      FL C:/Users/otal19/Desktop/Project-20220605T160425Z-001/Project/WoodalNumbers/ClockDivider.vhd \
      PB ieee/std_logic_1164 1381692176 PB ieee/std_logic_arith 1381692177 \
      PB ieee/STD_LOGIC_UNSIGNED 1381692179
AR work/ClockDivider/Behavioral 1654458902 \
      FL C:/Users/otal19/Desktop/Project-20220605T160425Z-001/Project/WoodalNumbers/ClockDivider.vhd \
      EN work/ClockDivider 1654458901
FL C:/Users/otal19/Desktop/Project-20220605T160425Z-001/Project/WoodalNumbers/Jacobtshal.vhd 2022/06/05.21:02:19 P.20131013
EN work/Jacobtshal 1654458895 \
      FL C:/Users/otal19/Desktop/Project-20220605T160425Z-001/Project/WoodalNumbers/Jacobtshal.vhd \
      PB ieee/std_logic_1164 1381692176 PB ieee/std_logic_arith 1381692177 \
      PB ieee/STD_LOGIC_UNSIGNED 1381692179 PB ieee/NUMERIC_STD 1381692181
AR work/Jacobtshal/Behavioral 1654458896 \
      FL C:/Users/otal19/Desktop/Project-20220605T160425Z-001/Project/WoodalNumbers/Jacobtshal.vhd \
      EN work/Jacobtshal 1654458895
FL C:/Users/otal19/Desktop/Project-20220605T160425Z-001/Project/WoodalNumbers/Main.vhd 2022/06/05.22:54:40 P.20131013
EN work/Main 1654458913 \
      FL C:/Users/otal19/Desktop/Project-20220605T160425Z-001/Project/WoodalNumbers/Main.vhd \
      PB ieee/std_logic_1164 1381692176 PB ieee/std_logic_arith 1381692177 \
      PB ieee/STD_LOGIC_UNSIGNED 1381692179
AR work/Main/Behavioral 1654458914 \
      FL C:/Users/otal19/Desktop/Project-20220605T160425Z-001/Project/WoodalNumbers/Main.vhd \
      EN work/Main 1654458913 CP ClockDivider CP CLK_Divider2 \
      CP SequenceMultiplexer CP BCDConverter CP SDriver CP SDecoder
FL C:/Users/otal19/Desktop/Project-20220605T160425Z-001/Project/WoodalNumbers/SDecoder.vhd 2022/05/27.19:54:16 P.20131013
EN work/SDecoder 1654458911 \
      FL C:/Users/otal19/Desktop/Project-20220605T160425Z-001/Project/WoodalNumbers/SDecoder.vhd \
      PB ieee/std_logic_1164 1381692176
AR work/SDecoder/Behavioral 1654458912 \
      FL C:/Users/otal19/Desktop/Project-20220605T160425Z-001/Project/WoodalNumbers/SDecoder.vhd \
      EN work/SDecoder 1654458911
FL C:/Users/otal19/Desktop/Project-20220605T160425Z-001/Project/WoodalNumbers/SDriver.vhd 2022/05/27.19:52:44 P.20131013
EN work/SDriver 1654458909 \
      FL C:/Users/otal19/Desktop/Project-20220605T160425Z-001/Project/WoodalNumbers/SDriver.vhd \
      PB ieee/std_logic_1164 1381692176 PB ieee/std_logic_arith 1381692177 \
      PB ieee/STD_LOGIC_UNSIGNED 1381692179
AR work/SDriver/Behavioral 1654458910 \
      FL C:/Users/otal19/Desktop/Project-20220605T160425Z-001/Project/WoodalNumbers/SDriver.vhd \
      EN work/SDriver 1654458909
FL C:/Users/otal19/Desktop/Project-20220605T160425Z-001/Project/WoodalNumbers/SequenceMultiplexer.vhd 2022/06/05.22:44:00 P.20131013
EN work/SequenceMultiplexer 1654458905 \
      FL C:/Users/otal19/Desktop/Project-20220605T160425Z-001/Project/WoodalNumbers/SequenceMultiplexer.vhd \
      PB ieee/std_logic_1164 1381692176
AR work/SequenceMultiplexer/Behavioral 1654458906 \
      FL C:/Users/otal19/Desktop/Project-20220605T160425Z-001/Project/WoodalNumbers/SequenceMultiplexer.vhd \
      EN work/SequenceMultiplexer 1654458905 CP Woodall CP Jacobtshal \
      CP Tetrabonacci CP StellaOctanga
FL C:/Users/otal19/Desktop/Project-20220605T160425Z-001/Project/WoodalNumbers/StellaOctanga.vhd 2022/06/05.21:11:20 P.20131013
EN work/StellaOctanga 1654458899 \
      FL C:/Users/otal19/Desktop/Project-20220605T160425Z-001/Project/WoodalNumbers/StellaOctanga.vhd \
      PB ieee/std_logic_1164 1381692176 PB ieee/std_logic_arith 1381692177 \
      PB ieee/STD_LOGIC_UNSIGNED 1381692179 PB ieee/NUMERIC_STD 1381692181
AR work/StellaOctanga/Behavioral 1654458900 \
      FL C:/Users/otal19/Desktop/Project-20220605T160425Z-001/Project/WoodalNumbers/StellaOctanga.vhd \
      EN work/StellaOctanga 1654458899
FL C:/Users/otal19/Desktop/Project-20220605T160425Z-001/Project/WoodalNumbers/Tetrabonacci.vhd 2022/06/05.22:38:58 P.20131013
EN work/Tetrabonacci 1654458897 \
      FL C:/Users/otal19/Desktop/Project-20220605T160425Z-001/Project/WoodalNumbers/Tetrabonacci.vhd \
      PB ieee/std_logic_1164 1381692176 PB ieee/std_logic_arith 1381692177 \
      PB ieee/STD_LOGIC_UNSIGNED 1381692179 PB ieee/NUMERIC_STD 1381692181
AR work/Tetrabonacci/Behavioral 1654458898 \
      FL C:/Users/otal19/Desktop/Project-20220605T160425Z-001/Project/WoodalNumbers/Tetrabonacci.vhd \
      EN work/Tetrabonacci 1654458897
FL C:/Users/otal19/Desktop/Project-20220605T160425Z-001/Project/WoodalNumbers/Woodal.vhd 2022/06/05.21:02:14 P.20131013
EN work/Woodall 1654458893 \
      FL C:/Users/otal19/Desktop/Project-20220605T160425Z-001/Project/WoodalNumbers/Woodal.vhd \
      PB ieee/std_logic_1164 1381692176 PB ieee/std_logic_arith 1381692177 \
      PB ieee/STD_LOGIC_UNSIGNED 1381692179 PB ieee/NUMERIC_STD 1381692181
AR work/Woodall/Behavioral 1654458894 \
      FL C:/Users/otal19/Desktop/Project-20220605T160425Z-001/Project/WoodalNumbers/Woodal.vhd \
      EN work/Woodall 1654458893
FL C:/Users/otal19/Desktop/Project/WoodalNumbers/BCDConverter.vhd 2022/05/28.07:51:28 P.20131013
FL C:/Users/otal19/Desktop/Project/WoodalNumbers/CLK_Divider2.vhd 2022/05/28.19:41:02 P.20131013
FL C:/Users/otal19/Desktop/Project/WoodalNumbers/ClockDivider.vhd 2022/05/28.07:57:16 P.20131013
FL C:/Users/otal19/Desktop/Project/WoodalNumbers/Main.vhd 2022/05/28.19:45:14 P.20131013
FL C:/Users/otal19/Desktop/Project/WoodalNumbers/SDecoder.vhd 2022/05/28.05:54:16 P.20131013
FL C:/Users/otal19/Desktop/Project/WoodalNumbers/SDriver.vhd 2022/05/28.05:52:44 P.20131013
FL C:/Users/otal19/Desktop/Project/WoodalNumbers/Woodal.vhd 2022/05/28.08:02:54 P.20131013
